A valid `test_data.tar.gz` test archive (47692470B) found in the `/Users/surendran.s/Documents/NeMo-text-processing/tests/.data` folder.
============================= test session starts ==============================
platform darwin -- Python 3.10.20, pytest-9.0.3, pluggy-1.6.0 -- /Users/surendran.s/anaconda3/envs/nemo_tn/bin/python3.10
cachedir: .pytest_cache
rootdir: /Users/surendran.s/Documents/NeMo-text-processing
configfile: setup.cfg
plugins: typeguard-4.5.2, anyio-4.13.0
collecting ... collected 148 items

tests/nemo_text_processing/ta/test_cardinal.py::TestCardinal::test_norm_000__ SKIPPED [  0%]
tests/nemo_text_processing/ta/test_cardinal.py::TestCardinal::test_norm_001__ SKIPPED [  1%]
tests/nemo_text_processing/ta/test_cardinal.py::TestCardinal::test_norm_002__ SKIPPED [  2%]
tests/nemo_text_processing/ta/test_cardinal.py::TestCardinal::test_norm_003__ SKIPPED [  2%]
tests/nemo_text_processing/ta/test_cardinal.py::TestCardinal::test_norm_004__ SKIPPED [  3%]
tests/nemo_text_processing/ta/test_cardinal.py::TestCardinal::test_norm_005__ SKIPPED [  4%]
tests/nemo_text_processing/ta/test_cardinal.py::TestCardinal::test_norm_006__ SKIPPED [  4%]
tests/nemo_text_processing/ta/test_cardinal.py::TestCardinal::test_norm_007__ SKIPPED [  5%]
tests/nemo_text_processing/ta/test_cardinal.py::TestCardinal::test_norm_008__ SKIPPED [  6%]
tests/nemo_text_processing/ta/test_cardinal.py::TestCardinal::test_norm_009__ SKIPPED [  6%]
tests/nemo_text_processing/ta/test_cardinal.py::TestCardinal::test_norm_010__ SKIPPED [  7%]
tests/nemo_text_processing/ta/test_cardinal.py::TestCardinal::test_norm_011__ SKIPPED [  8%]
tests/nemo_text_processing/ta/test_cardinal.py::TestCardinal::test_norm_012__ SKIPPED [  8%]
tests/nemo_text_processing/ta/test_cardinal.py::TestCardinal::test_norm_013__ SKIPPED [  9%]
tests/nemo_text_processing/ta/test_cardinal.py::TestCardinal::test_norm_014__ SKIPPED [ 10%]
tests/nemo_text_processing/ta/test_cardinal.py::TestCardinal::test_norm_015__ SKIPPED [ 10%]
tests/nemo_text_processing/ta/test_cardinal.py::TestCardinal::test_norm_016__ SKIPPED [ 11%]
tests/nemo_text_processing/ta/test_cardinal.py::TestCardinal::test_norm_017__ SKIPPED [ 12%]
tests/nemo_text_processing/ta/test_cardinal.py::TestCardinal::test_norm_018__ SKIPPED [ 12%]
tests/nemo_text_processing/ta/test_cardinal.py::TestCardinal::test_norm_019__ SKIPPED [ 13%]
tests/nemo_text_processing/ta/test_cardinal.py::TestCardinal::test_norm_020__ SKIPPED [ 14%]
tests/nemo_text_processing/ta/test_cardinal.py::TestCardinal::test_norm_021__ SKIPPED [ 14%]
tests/nemo_text_processing/ta/test_cardinal.py::TestCardinal::test_norm_022__ SKIPPED [ 15%]
tests/nemo_text_processing/ta/test_cardinal.py::TestCardinal::test_norm_023__ SKIPPED [ 16%]
tests/nemo_text_processing/ta/test_cardinal.py::TestCardinal::test_norm_024__ SKIPPED [ 16%]
tests/nemo_text_processing/ta/test_cardinal.py::TestCardinal::test_norm_025__ SKIPPED [ 17%]
tests/nemo_text_processing/ta/test_cardinal.py::TestCardinal::test_norm_026__ SKIPPED [ 18%]
tests/nemo_text_processing/ta/test_cardinal.py::TestCardinal::test_norm_027__ SKIPPED [ 18%]
tests/nemo_text_processing/ta/test_cardinal.py::TestCardinal::test_norm_028__ SKIPPED [ 19%]
tests/nemo_text_processing/ta/test_cardinal.py::TestCardinal::test_norm_029__ SKIPPED [ 20%]
tests/nemo_text_processing/ta/test_cardinal.py::TestCardinal::test_norm_030__ SKIPPED [ 20%]
tests/nemo_text_processing/ta/test_cardinal.py::TestCardinal::test_norm_031__ SKIPPED [ 21%]
tests/nemo_text_processing/ta/test_cardinal.py::TestCardinal::test_norm_032__ SKIPPED [ 22%]
tests/nemo_text_processing/ta/test_cardinal.py::TestCardinal::test_norm_033__ SKIPPED [ 22%]
tests/nemo_text_processing/ta/test_cardinal.py::TestCardinal::test_norm_034__ SKIPPED [ 23%]
tests/nemo_text_processing/ta/test_cardinal.py::TestCardinal::test_norm_035__ SKIPPED [ 24%]
tests/nemo_text_processing/ta/test_cardinal.py::TestCardinal::test_norm_036__ SKIPPED [ 25%]
tests/nemo_text_processing/ta/test_cardinal.py::TestCardinal::test_norm_037__ SKIPPED [ 25%]
tests/nemo_text_processing/ta/test_cardinal.py::TestCardinal::test_norm_038__ SKIPPED [ 26%]
tests/nemo_text_processing/ta/test_cardinal.py::TestCardinal::test_norm_039__ SKIPPED [ 27%]
tests/nemo_text_processing/ta/test_cardinal.py::TestCardinal::test_norm_040__ SKIPPED [ 27%]
tests/nemo_text_processing/ta/test_cardinal.py::TestCardinal::test_norm_041__ SKIPPED [ 28%]
tests/nemo_text_processing/ta/test_cardinal.py::TestCardinal::test_norm_042__ SKIPPED [ 29%]
tests/nemo_text_processing/ta/test_cardinal.py::TestCardinal::test_norm_043__ SKIPPED [ 29%]
tests/nemo_text_processing/ta/test_cardinal.py::TestCardinal::test_norm_044__ SKIPPED [ 30%]
tests/nemo_text_processing/ta/test_cardinal.py::TestCardinal::test_norm_045__ SKIPPED [ 31%]
tests/nemo_text_processing/ta/test_cardinal.py::TestCardinal::test_norm_046__ SKIPPED [ 31%]
tests/nemo_text_processing/ta/test_cardinal.py::TestCardinal::test_norm_047__ SKIPPED [ 32%]
tests/nemo_text_processing/ta/test_cardinal.py::TestCardinal::test_norm_048__ SKIPPED [ 33%]
tests/nemo_text_processing/ta/test_cardinal.py::TestCardinal::test_norm_049__ SKIPPED [ 33%]
tests/nemo_text_processing/ta/test_cardinal.py::TestCardinal::test_norm_050__ SKIPPED [ 34%]
tests/nemo_text_processing/ta/test_cardinal.py::TestCardinal::test_norm_051__ SKIPPED [ 35%]
tests/nemo_text_processing/ta/test_cardinal.py::TestCardinal::test_norm_052__ SKIPPED [ 35%]
tests/nemo_text_processing/ta/test_cardinal.py::TestCardinal::test_norm_053__ SKIPPED [ 36%]
tests/nemo_text_processing/ta/test_cardinal.py::TestCardinal::test_norm_054__ SKIPPED [ 37%]
tests/nemo_text_processing/ta/test_cardinal.py::TestCardinal::test_norm_055__ SKIPPED [ 37%]
tests/nemo_text_processing/ta/test_cardinal.py::TestCardinal::test_norm_056__ SKIPPED [ 38%]
tests/nemo_text_processing/ta/test_cardinal.py::TestCardinal::test_norm_057__ SKIPPED [ 39%]
tests/nemo_text_processing/ta/test_cardinal.py::TestCardinal::test_norm_058__ SKIPPED [ 39%]
tests/nemo_text_processing/ta/test_cardinal.py::TestCardinal::test_norm_059__ SKIPPED [ 40%]
tests/nemo_text_processing/ta/test_cardinal.py::TestCardinal::test_norm_060__ SKIPPED [ 41%]
tests/nemo_text_processing/ta/test_cardinal.py::TestCardinal::test_norm_061__ SKIPPED [ 41%]
tests/nemo_text_processing/ta/test_cardinal.py::TestCardinal::test_norm_062__ SKIPPED [ 42%]
tests/nemo_text_processing/ta/test_cardinal.py::TestCardinal::test_norm_063__ SKIPPED [ 43%]
tests/nemo_text_processing/ta/test_cardinal.py::TestCardinal::test_norm_064__ SKIPPED [ 43%]
tests/nemo_text_processing/ta/test_cardinal.py::TestCardinal::test_norm_065__ SKIPPED [ 44%]
tests/nemo_text_processing/ta/test_cardinal.py::TestCardinal::test_norm_066__ SKIPPED [ 45%]
tests/nemo_text_processing/ta/test_cardinal.py::TestCardinal::test_norm_067__ SKIPPED [ 45%]
tests/nemo_text_processing/ta/test_cardinal.py::TestCardinal::test_norm_068__ SKIPPED [ 46%]
tests/nemo_text_processing/ta/test_cardinal.py::TestCardinal::test_norm_069__ SKIPPED [ 47%]
tests/nemo_text_processing/ta/test_cardinal.py::TestCardinal::test_norm_070__ SKIPPED [ 47%]
tests/nemo_text_processing/ta/test_cardinal.py::TestCardinal::test_norm_071__ SKIPPED [ 48%]
tests/nemo_text_processing/ta/test_cardinal.py::TestCardinal::test_norm_072__ SKIPPED [ 49%]
tests/nemo_text_processing/ta/test_cardinal.py::TestCardinal::test_norm_073__ SKIPPED [ 50%]
tests/nemo_text_processing/ta/test_cardinal.py::TestCardinal::test_norm_074__ SKIPPED [ 50%]
tests/nemo_text_processing/ta/test_cardinal.py::TestCardinal::test_norm_075__ SKIPPED [ 51%]
tests/nemo_text_processing/ta/test_cardinal.py::TestCardinal::test_norm_076__ SKIPPED [ 52%]
tests/nemo_text_processing/ta/test_cardinal.py::TestCardinal::test_norm_077__ SKIPPED [ 52%]
tests/nemo_text_processing/ta/test_cardinal.py::TestCardinal::test_norm_078__ SKIPPED [ 53%]
tests/nemo_text_processing/ta/test_cardinal.py::TestCardinal::test_norm_079__ SKIPPED [ 54%]
tests/nemo_text_processing/ta/test_cardinal.py::TestCardinal::test_norm_080__ SKIPPED [ 54%]
tests/nemo_text_processing/ta/test_cardinal.py::TestCardinal::test_norm_081__ SKIPPED [ 55%]
tests/nemo_text_processing/ta/test_cardinal.py::TestCardinal::test_norm_082__ SKIPPED [ 56%]
tests/nemo_text_processing/ta/test_cardinal.py::TestCardinal::test_norm_083__ SKIPPED [ 56%]
tests/nemo_text_processing/ta/test_cardinal.py::TestCardinal::test_norm_084__ SKIPPED [ 57%]
tests/nemo_text_processing/ta/test_cardinal.py::TestCardinal::test_norm_085__ SKIPPED [ 58%]
tests/nemo_text_processing/ta/test_cardinal.py::TestCardinal::test_norm_086__ SKIPPED [ 58%]
tests/nemo_text_processing/ta/test_cardinal.py::TestCardinal::test_norm_087__ SKIPPED [ 59%]
tests/nemo_text_processing/ta/test_cardinal.py::TestCardinal::test_norm_088__ SKIPPED [ 60%]
tests/nemo_text_processing/ta/test_cardinal.py::TestCardinal::test_norm_089__ SKIPPED [ 60%]
tests/nemo_text_processing/ta/test_cardinal.py::TestCardinal::test_norm_090__ SKIPPED [ 61%]
tests/nemo_text_processing/ta/test_cardinal.py::TestCardinal::test_norm_091__ SKIPPED [ 62%]
tests/nemo_text_processing/ta/test_cardinal.py::TestCardinal::test_norm_092__ SKIPPED [ 62%]
tests/nemo_text_processing/ta/test_cardinal.py::TestCardinal::test_norm_093__ SKIPPED [ 63%]
tests/nemo_text_processing/ta/test_cardinal.py::TestCardinal::test_norm_094__ SKIPPED [ 64%]
tests/nemo_text_processing/ta/test_cardinal.py::TestCardinal::test_norm_095__ SKIPPED [ 64%]
tests/nemo_text_processing/ta/test_cardinal.py::TestCardinal::test_norm_096__ SKIPPED [ 65%]
tests/nemo_text_processing/ta/test_cardinal.py::TestCardinal::test_norm_097__ SKIPPED [ 66%]
tests/nemo_text_processing/ta/test_cardinal.py::TestCardinal::test_norm_098__ SKIPPED [ 66%]
tests/nemo_text_processing/ta/test_cardinal.py::TestCardinal::test_norm_099__ SKIPPED [ 67%]
tests/nemo_text_processing/ta/test_cardinal.py::TestCardinal::test_norm_100__ SKIPPED [ 68%]
tests/nemo_text_processing/ta/test_cardinal.py::TestCardinal::test_norm_101__ SKIPPED [ 68%]
tests/nemo_text_processing/ta/test_cardinal.py::TestCardinal::test_norm_102__ SKIPPED [ 69%]
tests/nemo_text_processing/ta/test_cardinal.py::TestCardinal::test_norm_103__ SKIPPED [ 70%]
tests/nemo_text_processing/ta/test_cardinal.py::TestCardinal::test_norm_104__ SKIPPED [ 70%]
tests/nemo_text_processing/ta/test_cardinal.py::TestCardinal::test_norm_105__ SKIPPED [ 71%]
tests/nemo_text_processing/ta/test_cardinal.py::TestCardinal::test_norm_106__ SKIPPED [ 72%]
tests/nemo_text_processing/ta/test_cardinal.py::TestCardinal::test_norm_107__ SKIPPED [ 72%]
tests/nemo_text_processing/ta/test_cardinal.py::TestCardinal::test_norm_108__ SKIPPED [ 73%]
tests/nemo_text_processing/ta/test_cardinal.py::TestCardinal::test_norm_109__ SKIPPED [ 74%]
tests/nemo_text_processing/ta/test_cardinal.py::TestCardinal::test_norm_110__ SKIPPED [ 75%]
tests/nemo_text_processing/ta/test_cardinal.py::TestCardinal::test_norm_111__ SKIPPED [ 75%]
tests/nemo_text_processing/ta/test_cardinal.py::TestCardinal::test_norm_112__ SKIPPED [ 76%]
tests/nemo_text_processing/ta/test_cardinal.py::TestCardinal::test_norm_113__ SKIPPED [ 77%]
tests/nemo_text_processing/ta/test_cardinal.py::TestCardinal::test_norm_114__ SKIPPED [ 77%]
tests/nemo_text_processing/ta/test_cardinal.py::TestCardinal::test_norm_115__ SKIPPED [ 78%]
tests/nemo_text_processing/ta/test_cardinal.py::TestCardinal::test_norm_116__ SKIPPED [ 79%]
tests/nemo_text_processing/ta/test_cardinal.py::TestCardinal::test_norm_117__ SKIPPED [ 79%]
tests/nemo_text_processing/ta/test_cardinal.py::TestCardinal::test_norm_118__ SKIPPED [ 80%]
tests/nemo_text_processing/ta/test_cardinal.py::TestCardinal::test_norm_119__ SKIPPED [ 81%]
tests/nemo_text_processing/ta/test_cardinal.py::TestCardinal::test_norm_120__ SKIPPED [ 81%]
tests/nemo_text_processing/ta/test_cardinal.py::TestCardinal::test_norm_121__ SKIPPED [ 82%]
tests/nemo_text_processing/ta/test_cardinal.py::TestCardinal::test_norm_122__ SKIPPED [ 83%]
tests/nemo_text_processing/ta/test_cardinal.py::TestCardinal::test_norm_123__ SKIPPED [ 83%]
tests/nemo_text_processing/ta/test_cardinal.py::TestCardinal::test_norm_124__ SKIPPED [ 84%]
tests/nemo_text_processing/ta/test_cardinal.py::TestCardinal::test_norm_125__ SKIPPED [ 85%]
tests/nemo_text_processing/ta/test_cardinal.py::TestCardinal::test_norm_126__ SKIPPED [ 85%]
tests/nemo_text_processing/ta/test_cardinal.py::TestCardinal::test_norm_127__ SKIPPED [ 86%]
tests/nemo_text_processing/ta/test_cardinal.py::TestCardinal::test_norm_128__ SKIPPED [ 87%]
tests/nemo_text_processing/ta/test_cardinal.py::TestCardinal::test_norm_129__ SKIPPED [ 87%]
tests/nemo_text_processing/ta/test_cardinal.py::TestCardinal::test_norm_130__ SKIPPED [ 88%]
tests/nemo_text_processing/ta/test_cardinal.py::TestCardinal::test_norm_131__ SKIPPED [ 89%]
tests/nemo_text_processing/ta/test_cardinal.py::TestCardinal::test_norm_132__ SKIPPED [ 89%]
tests/nemo_text_processing/ta/test_cardinal.py::TestCardinal::test_norm_133__ SKIPPED [ 90%]
tests/nemo_text_processing/ta/test_cardinal.py::TestCardinal::test_norm_134__ SKIPPED [ 91%]
tests/nemo_text_processing/ta/test_cardinal.py::TestCardinal::test_norm_135__ SKIPPED [ 91%]
tests/nemo_text_processing/ta/test_cardinal.py::TestCardinal::test_norm_136__ SKIPPED [ 92%]
tests/nemo_text_processing/ta/test_cardinal.py::TestCardinal::test_norm_137__ SKIPPED [ 93%]
tests/nemo_text_processing/ta/test_cardinal.py::TestCardinal::test_norm_138__ SKIPPED [ 93%]
tests/nemo_text_processing/ta/test_cardinal.py::TestCardinal::test_norm_139__ SKIPPED [ 94%]
tests/nemo_text_processing/ta/test_cardinal.py::TestCardinal::test_norm_140__ SKIPPED [ 95%]
tests/nemo_text_processing/ta/test_cardinal.py::TestCardinal::test_norm_141__ SKIPPED [ 95%]
tests/nemo_text_processing/ta/test_cardinal.py::TestCardinal::test_norm_142__ SKIPPED [ 96%]
tests/nemo_text_processing/ta/test_cardinal.py::TestCardinal::test_norm_143__ SKIPPED [ 97%]
tests/nemo_text_processing/ta/test_cardinal.py::TestCardinal::test_norm_144__ SKIPPED [ 97%]
tests/nemo_text_processing/ta/test_cardinal.py::TestCardinal::test_norm_145__ SKIPPED [ 98%]
tests/nemo_text_processing/ta/test_cardinal.py::TestCardinal::test_norm_146__ SKIPPED [ 99%]
tests/nemo_text_processing/ta/test_cardinal.py::TestCardinal::test_norm_147__ SKIPPED [100%]

============================== slowest durations ===============================
0.01s setup    tests/nemo_text_processing/ta/test_cardinal.py::TestCardinal::test_norm_069__
0.00s setup    tests/nemo_text_processing/ta/test_cardinal.py::TestCardinal::test_norm_000__
0.00s setup    tests/nemo_text_processing/ta/test_cardinal.py::TestCardinal::test_norm_063__
0.00s setup    tests/nemo_text_processing/ta/test_cardinal.py::TestCardinal::test_norm_049__
0.00s setup    tests/nemo_text_processing/ta/test_cardinal.py::TestCardinal::test_norm_047__
0.00s setup    tests/nemo_text_processing/ta/test_cardinal.py::TestCardinal::test_norm_009__
0.00s teardown tests/nemo_text_processing/ta/test_cardinal.py::TestCardinal::test_norm_132__
0.00s setup    tests/nemo_text_processing/ta/test_cardinal.py::TestCardinal::test_norm_094__
0.00s setup    tests/nemo_text_processing/ta/test_cardinal.py::TestCardinal::test_norm_052__
0.00s setup    tests/nemo_text_processing/ta/test_cardinal.py::TestCardinal::test_norm_105__
0.00s setup    tests/nemo_text_processing/ta/test_cardinal.py::TestCardinal::test_norm_012__
0.00s setup    tests/nemo_text_processing/ta/test_cardinal.py::TestCardinal::test_norm_144__
0.00s setup    tests/nemo_text_processing/ta/test_cardinal.py::TestCardinal::test_norm_076__
0.00s setup    tests/nemo_text_processing/ta/test_cardinal.py::TestCardinal::test_norm_127__
0.00s setup    tests/nemo_text_processing/ta/test_cardinal.py::TestCardinal::test_norm_003__
0.00s setup    tests/nemo_text_processing/ta/test_cardinal.py::TestCardinal::test_norm_041__
0.00s setup    tests/nemo_text_processing/ta/test_cardinal.py::TestCardinal::test_norm_019__
0.00s setup    tests/nemo_text_processing/ta/test_cardinal.py::TestCardinal::test_norm_083__
0.00s setup    tests/nemo_text_processing/ta/test_cardinal.py::TestCardinal::test_norm_008__
0.00s setup    tests/nemo_text_processing/ta/test_cardinal.py::TestCardinal::test_norm_030__
0.00s setup    tests/nemo_text_processing/ta/test_cardinal.py::TestCardinal::test_norm_116__
0.00s setup    tests/nemo_text_processing/ta/test_cardinal.py::TestCardinal::test_norm_108__
0.00s setup    tests/nemo_text_processing/ta/test_cardinal.py::TestCardinal::test_norm_010__
0.00s setup    tests/nemo_text_processing/ta/test_cardinal.py::TestCardinal::test_norm_013__
0.00s setup    tests/nemo_text_processing/ta/test_cardinal.py::TestCardinal::test_norm_071__
0.00s setup    tests/nemo_text_processing/ta/test_cardinal.py::TestCardinal::test_norm_048__
0.00s setup    tests/nemo_text_processing/ta/test_cardinal.py::TestCardinal::test_norm_111__
0.00s setup    tests/nemo_text_processing/ta/test_cardinal.py::TestCardinal::test_norm_093__
0.00s setup    tests/nemo_text_processing/ta/test_cardinal.py::TestCardinal::test_norm_001__
0.00s setup    tests/nemo_text_processing/ta/test_cardinal.py::TestCardinal::test_norm_109__
0.00s setup    tests/nemo_text_processing/ta/test_cardinal.py::TestCardinal::test_norm_077__
0.00s setup    tests/nemo_text_processing/ta/test_cardinal.py::TestCardinal::test_norm_082__
0.00s setup    tests/nemo_text_processing/ta/test_cardinal.py::TestCardinal::test_norm_072__
0.00s setup    tests/nemo_text_processing/ta/test_cardinal.py::TestCardinal::test_norm_073__
0.00s setup    tests/nemo_text_processing/ta/test_cardinal.py::TestCardinal::test_norm_002__
0.00s setup    tests/nemo_text_processing/ta/test_cardinal.py::TestCardinal::test_norm_143__
0.00s setup    tests/nemo_text_processing/ta/test_cardinal.py::TestCardinal::test_norm_106__
0.00s setup    tests/nemo_text_processing/ta/test_cardinal.py::TestCardinal::test_norm_102__
0.00s setup    tests/nemo_text_processing/ta/test_cardinal.py::TestCardinal::test_norm_070__
0.00s setup    tests/nemo_text_processing/ta/test_cardinal.py::TestCardinal::test_norm_092__
0.00s setup    tests/nemo_text_processing/ta/test_cardinal.py::TestCardinal::test_norm_004__
0.00s setup    tests/nemo_text_processing/ta/test_cardinal.py::TestCardinal::test_norm_025__
0.00s setup    tests/nemo_text_processing/ta/test_cardinal.py::TestCardinal::test_norm_084__
0.00s setup    tests/nemo_text_processing/ta/test_cardinal.py::TestCardinal::test_norm_095__
0.00s setup    tests/nemo_text_processing/ta/test_cardinal.py::TestCardinal::test_norm_103__
0.00s setup    tests/nemo_text_processing/ta/test_cardinal.py::TestCardinal::test_norm_054__
0.00s setup    tests/nemo_text_processing/ta/test_cardinal.py::TestCardinal::test_norm_062__
0.00s setup    tests/nemo_text_processing/ta/test_cardinal.py::TestCardinal::test_norm_086__
0.00s setup    tests/nemo_text_processing/ta/test_cardinal.py::TestCardinal::test_norm_101__
0.00s setup    tests/nemo_text_processing/ta/test_cardinal.py::TestCardinal::test_norm_104__
0.00s setup    tests/nemo_text_processing/ta/test_cardinal.py::TestCardinal::test_norm_033__
0.00s setup    tests/nemo_text_processing/ta/test_cardinal.py::TestCardinal::test_norm_131__
0.00s setup    tests/nemo_text_processing/ta/test_cardinal.py::TestCardinal::test_norm_050__
0.00s setup    tests/nemo_text_processing/ta/test_cardinal.py::TestCardinal::test_norm_075__
0.00s setup    tests/nemo_text_processing/ta/test_cardinal.py::TestCardinal::test_norm_074__
0.00s setup    tests/nemo_text_processing/ta/test_cardinal.py::TestCardinal::test_norm_097__
0.00s setup    tests/nemo_text_processing/ta/test_cardinal.py::TestCardinal::test_norm_099__
0.00s setup    tests/nemo_text_processing/ta/test_cardinal.py::TestCardinal::test_norm_024__
0.00s setup    tests/nemo_text_processing/ta/test_cardinal.py::TestCardinal::test_norm_110__
0.00s setup    tests/nemo_text_processing/ta/test_cardinal.py::TestCardinal::test_norm_091__
0.00s setup    tests/nemo_text_processing/ta/test_cardinal.py::TestCardinal::test_norm_026__
0.00s setup    tests/nemo_text_processing/ta/test_cardinal.py::TestCardinal::test_norm_061__
0.00s setup    tests/nemo_text_processing/ta/test_cardinal.py::TestCardinal::test_norm_065__
0.00s setup    tests/nemo_text_processing/ta/test_cardinal.py::TestCardinal::test_norm_078__
0.00s setup    tests/nemo_text_processing/ta/test_cardinal.py::TestCardinal::test_norm_056__
0.00s setup    tests/nemo_text_processing/ta/test_cardinal.py::TestCardinal::test_norm_147__
0.00s setup    tests/nemo_text_processing/ta/test_cardinal.py::TestCardinal::test_norm_100__
0.00s setup    tests/nemo_text_processing/ta/test_cardinal.py::TestCardinal::test_norm_027__
0.00s setup    tests/nemo_text_processing/ta/test_cardinal.py::TestCardinal::test_norm_142__
0.00s setup    tests/nemo_text_processing/ta/test_cardinal.py::TestCardinal::test_norm_096__
0.00s setup    tests/nemo_text_processing/ta/test_cardinal.py::TestCardinal::test_norm_017__
0.00s setup    tests/nemo_text_processing/ta/test_cardinal.py::TestCardinal::test_norm_085__
0.00s setup    tests/nemo_text_processing/ta/test_cardinal.py::TestCardinal::test_norm_005__
0.00s setup    tests/nemo_text_processing/ta/test_cardinal.py::TestCardinal::test_norm_042__
0.00s setup    tests/nemo_text_processing/ta/test_cardinal.py::TestCardinal::test_norm_039__
0.00s setup    tests/nemo_text_processing/ta/test_cardinal.py::TestCardinal::test_norm_020__
0.00s setup    tests/nemo_text_processing/ta/test_cardinal.py::TestCardinal::test_norm_079__
0.00s setup    tests/nemo_text_processing/ta/test_cardinal.py::TestCardinal::test_norm_146__
0.00s setup    tests/nemo_text_processing/ta/test_cardinal.py::TestCardinal::test_norm_112__
0.00s setup    tests/nemo_text_processing/ta/test_cardinal.py::TestCardinal::test_norm_067__
0.00s setup    tests/nemo_text_processing/ta/test_cardinal.py::TestCardinal::test_norm_139__
0.00s setup    tests/nemo_text_processing/ta/test_cardinal.py::TestCardinal::test_norm_138__
0.00s setup    tests/nemo_text_processing/ta/test_cardinal.py::TestCardinal::test_norm_032__
0.00s setup    tests/nemo_text_processing/ta/test_cardinal.py::TestCardinal::test_norm_137__
0.00s setup    tests/nemo_text_processing/ta/test_cardinal.py::TestCardinal::test_norm_066__
0.00s setup    tests/nemo_text_processing/ta/test_cardinal.py::TestCardinal::test_norm_040__
0.00s setup    tests/nemo_text_processing/ta/test_cardinal.py::TestCardinal::test_norm_055__
0.00s setup    tests/nemo_text_processing/ta/test_cardinal.py::TestCardinal::test_norm_107__
0.00s setup    tests/nemo_text_processing/ta/test_cardinal.py::TestCardinal::test_norm_090__
0.00s setup    tests/nemo_text_processing/ta/test_cardinal.py::TestCardinal::test_norm_088__
0.00s setup    tests/nemo_text_processing/ta/test_cardinal.py::TestCardinal::test_norm_038__
0.00s setup    tests/nemo_text_processing/ta/test_cardinal.py::TestCardinal::test_norm_145__
0.00s setup    tests/nemo_text_processing/ta/test_cardinal.py::TestCardinal::test_norm_011__
0.00s setup    tests/nemo_text_processing/ta/test_cardinal.py::TestCardinal::test_norm_117__
0.00s setup    tests/nemo_text_processing/ta/test_cardinal.py::TestCardinal::test_norm_124__
0.00s setup    tests/nemo_text_processing/ta/test_cardinal.py::TestCardinal::test_norm_059__
0.00s setup    tests/nemo_text_processing/ta/test_cardinal.py::TestCardinal::test_norm_132__
0.00s setup    tests/nemo_text_processing/ta/test_cardinal.py::TestCardinal::test_norm_045__
0.00s setup    tests/nemo_text_processing/ta/test_cardinal.py::TestCardinal::test_norm_053__
0.00s setup    tests/nemo_text_processing/ta/test_cardinal.py::TestCardinal::test_norm_034__
0.00s setup    tests/nemo_text_processing/ta/test_cardinal.py::TestCardinal::test_norm_057__
0.00s setup    tests/nemo_text_processing/ta/test_cardinal.py::TestCardinal::test_norm_051__
0.00s setup    tests/nemo_text_processing/ta/test_cardinal.py::TestCardinal::test_norm_064__
0.00s setup    tests/nemo_text_processing/ta/test_cardinal.py::TestCardinal::test_norm_058__
0.00s setup    tests/nemo_text_processing/ta/test_cardinal.py::TestCardinal::test_norm_018__
0.00s setup    tests/nemo_text_processing/ta/test_cardinal.py::TestCardinal::test_norm_081__
0.00s setup    tests/nemo_text_processing/ta/test_cardinal.py::TestCardinal::test_norm_037__
0.00s setup    tests/nemo_text_processing/ta/test_cardinal.py::TestCardinal::test_norm_098__
0.00s setup    tests/nemo_text_processing/ta/test_cardinal.py::TestCardinal::test_norm_014__
0.00s setup    tests/nemo_text_processing/ta/test_cardinal.py::TestCardinal::test_norm_133__
0.00s setup    tests/nemo_text_processing/ta/test_cardinal.py::TestCardinal::test_norm_007__
0.00s setup    tests/nemo_text_processing/ta/test_cardinal.py::TestCardinal::test_norm_080__
0.00s setup    tests/nemo_text_processing/ta/test_cardinal.py::TestCardinal::test_norm_046__
0.00s setup    tests/nemo_text_processing/ta/test_cardinal.py::TestCardinal::test_norm_021__
0.00s setup    tests/nemo_text_processing/ta/test_cardinal.py::TestCardinal::test_norm_028__
0.00s setup    tests/nemo_text_processing/ta/test_cardinal.py::TestCardinal::test_norm_123__
0.00s setup    tests/nemo_text_processing/ta/test_cardinal.py::TestCardinal::test_norm_087__
0.00s setup    tests/nemo_text_processing/ta/test_cardinal.py::TestCardinal::test_norm_140__
0.00s setup    tests/nemo_text_processing/ta/test_cardinal.py::TestCardinal::test_norm_006__
0.00s setup    tests/nemo_text_processing/ta/test_cardinal.py::TestCardinal::test_norm_118__
0.00s setup    tests/nemo_text_processing/ta/test_cardinal.py::TestCardinal::test_norm_134__
0.00s setup    tests/nemo_text_processing/ta/test_cardinal.py::TestCardinal::test_norm_023__
0.00s setup    tests/nemo_text_processing/ta/test_cardinal.py::TestCardinal::test_norm_122__
0.00s setup    tests/nemo_text_processing/ta/test_cardinal.py::TestCardinal::test_norm_130__
0.00s setup    tests/nemo_text_processing/ta/test_cardinal.py::TestCardinal::test_norm_089__
0.00s setup    tests/nemo_text_processing/ta/test_cardinal.py::TestCardinal::test_norm_068__
0.00s setup    tests/nemo_text_processing/ta/test_cardinal.py::TestCardinal::test_norm_136__
0.00s setup    tests/nemo_text_processing/ta/test_cardinal.py::TestCardinal::test_norm_035__
0.00s setup    tests/nemo_text_processing/ta/test_cardinal.py::TestCardinal::test_norm_129__
0.00s setup    tests/nemo_text_processing/ta/test_cardinal.py::TestCardinal::test_norm_022__
0.00s setup    tests/nemo_text_processing/ta/test_cardinal.py::TestCardinal::test_norm_060__
0.00s setup    tests/nemo_text_processing/ta/test_cardinal.py::TestCardinal::test_norm_113__
0.00s setup    tests/nemo_text_processing/ta/test_cardinal.py::TestCardinal::test_norm_043__
0.00s setup    tests/nemo_text_processing/ta/test_cardinal.py::TestCardinal::test_norm_036__
0.00s setup    tests/nemo_text_processing/ta/test_cardinal.py::TestCardinal::test_norm_141__
0.00s setup    tests/nemo_text_processing/ta/test_cardinal.py::TestCardinal::test_norm_029__
0.00s setup    tests/nemo_text_processing/ta/test_cardinal.py::TestCardinal::test_norm_031__
0.00s setup    tests/nemo_text_processing/ta/test_cardinal.py::TestCardinal::test_norm_126__
0.00s setup    tests/nemo_text_processing/ta/test_cardinal.py::TestCardinal::test_norm_044__
0.00s setup    tests/nemo_text_processing/ta/test_cardinal.py::TestCardinal::test_norm_121__
0.00s setup    tests/nemo_text_processing/ta/test_cardinal.py::TestCardinal::test_norm_115__
0.00s setup    tests/nemo_text_processing/ta/test_cardinal.py::TestCardinal::test_norm_015__
0.00s setup    tests/nemo_text_processing/ta/test_cardinal.py::TestCardinal::test_norm_128__
0.00s setup    tests/nemo_text_processing/ta/test_cardinal.py::TestCardinal::test_norm_016__
0.00s setup    tests/nemo_text_processing/ta/test_cardinal.py::TestCardinal::test_norm_119__
0.00s setup    tests/nemo_text_processing/ta/test_cardinal.py::TestCardinal::test_norm_120__
0.00s setup    tests/nemo_text_processing/ta/test_cardinal.py::TestCardinal::test_norm_135__
0.00s setup    tests/nemo_text_processing/ta/test_cardinal.py::TestCardinal::test_norm_125__
0.00s setup    tests/nemo_text_processing/ta/test_cardinal.py::TestCardinal::test_norm_114__
0.00s teardown tests/nemo_text_processing/ta/test_cardinal.py::TestCardinal::test_norm_077__
0.00s teardown tests/nemo_text_processing/ta/test_cardinal.py::TestCardinal::test_norm_110__
0.00s teardown tests/nemo_text_processing/ta/test_cardinal.py::TestCardinal::test_norm_013__
0.00s teardown tests/nemo_text_processing/ta/test_cardinal.py::TestCardinal::test_norm_099__
0.00s teardown tests/nemo_text_processing/ta/test_cardinal.py::TestCardinal::test_norm_024__
0.00s teardown tests/nemo_text_processing/ta/test_cardinal.py::TestCardinal::test_norm_057__
0.00s teardown tests/nemo_text_processing/ta/test_cardinal.py::TestCardinal::test_norm_035__
0.00s teardown tests/nemo_text_processing/ta/test_cardinal.py::TestCardinal::test_norm_121__
0.00s teardown tests/nemo_text_processing/ta/test_cardinal.py::TestCardinal::test_norm_046__
0.00s teardown tests/nemo_text_processing/ta/test_cardinal.py::TestCardinal::test_norm_072__
0.00s teardown tests/nemo_text_processing/ta/test_cardinal.py::TestCardinal::test_norm_075__
0.00s teardown tests/nemo_text_processing/ta/test_cardinal.py::TestCardinal::test_norm_047__
0.00s teardown tests/nemo_text_processing/ta/test_cardinal.py::TestCardinal::test_norm_000__
0.00s teardown tests/nemo_text_processing/ta/test_cardinal.py::TestCardinal::test_norm_048__
0.00s teardown tests/nemo_text_processing/ta/test_cardinal.py::TestCardinal::test_norm_009__
0.00s teardown tests/nemo_text_processing/ta/test_cardinal.py::TestCardinal::test_norm_076__
0.00s teardown tests/nemo_text_processing/ta/test_cardinal.py::TestCardinal::test_norm_001__
0.00s teardown tests/nemo_text_processing/ta/test_cardinal.py::TestCardinal::test_norm_111__
0.00s teardown tests/nemo_text_processing/ta/test_cardinal.py::TestCardinal::test_norm_004__
0.00s teardown tests/nemo_text_processing/ta/test_cardinal.py::TestCardinal::test_norm_063__
0.00s teardown tests/nemo_text_processing/ta/test_cardinal.py::TestCardinal::test_norm_086__
0.00s teardown tests/nemo_text_processing/ta/test_cardinal.py::TestCardinal::test_norm_108__
0.00s teardown tests/nemo_text_processing/ta/test_cardinal.py::TestCardinal::test_norm_126__
0.00s teardown tests/nemo_text_processing/ta/test_cardinal.py::TestCardinal::test_norm_069__
0.00s teardown tests/nemo_text_processing/ta/test_cardinal.py::TestCardinal::test_norm_008__
0.00s teardown tests/nemo_text_processing/ta/test_cardinal.py::TestCardinal::test_norm_012__
0.00s teardown tests/nemo_text_processing/ta/test_cardinal.py::TestCardinal::test_norm_060__
0.00s teardown tests/nemo_text_processing/ta/test_cardinal.py::TestCardinal::test_norm_073__
0.00s teardown tests/nemo_text_processing/ta/test_cardinal.py::TestCardinal::test_norm_049__
0.00s teardown tests/nemo_text_processing/ta/test_cardinal.py::TestCardinal::test_norm_081__
0.00s teardown tests/nemo_text_processing/ta/test_cardinal.py::TestCardinal::test_norm_051__
0.00s teardown tests/nemo_text_processing/ta/test_cardinal.py::TestCardinal::test_norm_002__
0.00s teardown tests/nemo_text_processing/ta/test_cardinal.py::TestCardinal::test_norm_010__
0.00s teardown tests/nemo_text_processing/ta/test_cardinal.py::TestCardinal::test_norm_017__
0.00s teardown tests/nemo_text_processing/ta/test_cardinal.py::TestCardinal::test_norm_058__
0.00s teardown tests/nemo_text_processing/ta/test_cardinal.py::TestCardinal::test_norm_095__
0.00s teardown tests/nemo_text_processing/ta/test_cardinal.py::TestCardinal::test_norm_096__
0.00s teardown tests/nemo_text_processing/ta/test_cardinal.py::TestCardinal::test_norm_011__
0.00s teardown tests/nemo_text_processing/ta/test_cardinal.py::TestCardinal::test_norm_021__
0.00s teardown tests/nemo_text_processing/ta/test_cardinal.py::TestCardinal::test_norm_101__
0.00s teardown tests/nemo_text_processing/ta/test_cardinal.py::TestCardinal::test_norm_097__
0.00s teardown tests/nemo_text_processing/ta/test_cardinal.py::TestCardinal::test_norm_135__
0.00s teardown tests/nemo_text_processing/ta/test_cardinal.py::TestCardinal::test_norm_146__
0.00s teardown tests/nemo_text_processing/ta/test_cardinal.py::TestCardinal::test_norm_079__
0.00s teardown tests/nemo_text_processing/ta/test_cardinal.py::TestCardinal::test_norm_056__
0.00s teardown tests/nemo_text_processing/ta/test_cardinal.py::TestCardinal::test_norm_106__
0.00s teardown tests/nemo_text_processing/ta/test_cardinal.py::TestCardinal::test_norm_050__
0.00s teardown tests/nemo_text_processing/ta/test_cardinal.py::TestCardinal::test_norm_147__
0.00s teardown tests/nemo_text_processing/ta/test_cardinal.py::TestCardinal::test_norm_006__
0.00s teardown tests/nemo_text_processing/ta/test_cardinal.py::TestCardinal::test_norm_041__
0.00s teardown tests/nemo_text_processing/ta/test_cardinal.py::TestCardinal::test_norm_083__
0.00s teardown tests/nemo_text_processing/ta/test_cardinal.py::TestCardinal::test_norm_142__
0.00s teardown tests/nemo_text_processing/ta/test_cardinal.py::TestCardinal::test_norm_078__
0.00s teardown tests/nemo_text_processing/ta/test_cardinal.py::TestCardinal::test_norm_038__
0.00s teardown tests/nemo_text_processing/ta/test_cardinal.py::TestCardinal::test_norm_087__
0.00s teardown tests/nemo_text_processing/ta/test_cardinal.py::TestCardinal::test_norm_088__
0.00s teardown tests/nemo_text_processing/ta/test_cardinal.py::TestCardinal::test_norm_074__
0.00s teardown tests/nemo_text_processing/ta/test_cardinal.py::TestCardinal::test_norm_098__
0.00s teardown tests/nemo_text_processing/ta/test_cardinal.py::TestCardinal::test_norm_141__
0.00s teardown tests/nemo_text_processing/ta/test_cardinal.py::TestCardinal::test_norm_094__
0.00s teardown tests/nemo_text_processing/ta/test_cardinal.py::TestCardinal::test_norm_085__
0.00s teardown tests/nemo_text_processing/ta/test_cardinal.py::TestCardinal::test_norm_059__
0.00s teardown tests/nemo_text_processing/ta/test_cardinal.py::TestCardinal::test_norm_089__
0.00s teardown tests/nemo_text_processing/ta/test_cardinal.py::TestCardinal::test_norm_092__
0.00s teardown tests/nemo_text_processing/ta/test_cardinal.py::TestCardinal::test_norm_139__
0.00s teardown tests/nemo_text_processing/ta/test_cardinal.py::TestCardinal::test_norm_062__
0.00s teardown tests/nemo_text_processing/ta/test_cardinal.py::TestCardinal::test_norm_105__
0.00s teardown tests/nemo_text_processing/ta/test_cardinal.py::TestCardinal::test_norm_066__
0.00s teardown tests/nemo_text_processing/ta/test_cardinal.py::TestCardinal::test_norm_022__
0.00s teardown tests/nemo_text_processing/ta/test_cardinal.py::TestCardinal::test_norm_023__
0.00s teardown tests/nemo_text_processing/ta/test_cardinal.py::TestCardinal::test_norm_068__
0.00s teardown tests/nemo_text_processing/ta/test_cardinal.py::TestCardinal::test_norm_067__
0.00s teardown tests/nemo_text_processing/ta/test_cardinal.py::TestCardinal::test_norm_037__
0.00s teardown tests/nemo_text_processing/ta/test_cardinal.py::TestCardinal::test_norm_103__
0.00s teardown tests/nemo_text_processing/ta/test_cardinal.py::TestCardinal::test_norm_100__
0.00s teardown tests/nemo_text_processing/ta/test_cardinal.py::TestCardinal::test_norm_052__
0.00s teardown tests/nemo_text_processing/ta/test_cardinal.py::TestCardinal::test_norm_112__
0.00s teardown tests/nemo_text_processing/ta/test_cardinal.py::TestCardinal::test_norm_003__
0.00s teardown tests/nemo_text_processing/ta/test_cardinal.py::TestCardinal::test_norm_030__
0.00s teardown tests/nemo_text_processing/ta/test_cardinal.py::TestCardinal::test_norm_104__
0.00s teardown tests/nemo_text_processing/ta/test_cardinal.py::TestCardinal::test_norm_134__
0.00s teardown tests/nemo_text_processing/ta/test_cardinal.py::TestCardinal::test_norm_015__
0.00s teardown tests/nemo_text_processing/ta/test_cardinal.py::TestCardinal::test_norm_028__
0.00s teardown tests/nemo_text_processing/ta/test_cardinal.py::TestCardinal::test_norm_036__
0.00s teardown tests/nemo_text_processing/ta/test_cardinal.py::TestCardinal::test_norm_061__
0.00s teardown tests/nemo_text_processing/ta/test_cardinal.py::TestCardinal::test_norm_102__
0.00s teardown tests/nemo_text_processing/ta/test_cardinal.py::TestCardinal::test_norm_107__
0.00s teardown tests/nemo_text_processing/ta/test_cardinal.py::TestCardinal::test_norm_014__
0.00s teardown tests/nemo_text_processing/ta/test_cardinal.py::TestCardinal::test_norm_018__
0.00s teardown tests/nemo_text_processing/ta/test_cardinal.py::TestCardinal::test_norm_029__
0.00s teardown tests/nemo_text_processing/ta/test_cardinal.py::TestCardinal::test_norm_090__
0.00s teardown tests/nemo_text_processing/ta/test_cardinal.py::TestCardinal::test_norm_020__
0.00s teardown tests/nemo_text_processing/ta/test_cardinal.py::TestCardinal::test_norm_071__
0.00s teardown tests/nemo_text_processing/ta/test_cardinal.py::TestCardinal::test_norm_039__
0.00s teardown tests/nemo_text_processing/ta/test_cardinal.py::TestCardinal::test_norm_070__
0.00s teardown tests/nemo_text_processing/ta/test_cardinal.py::TestCardinal::test_norm_005__
0.00s teardown tests/nemo_text_processing/ta/test_cardinal.py::TestCardinal::test_norm_136__
0.00s teardown tests/nemo_text_processing/ta/test_cardinal.py::TestCardinal::test_norm_125__
0.00s teardown tests/nemo_text_processing/ta/test_cardinal.py::TestCardinal::test_norm_027__
0.00s teardown tests/nemo_text_processing/ta/test_cardinal.py::TestCardinal::test_norm_019__
0.00s teardown tests/nemo_text_processing/ta/test_cardinal.py::TestCardinal::test_norm_065__
0.00s teardown tests/nemo_text_processing/ta/test_cardinal.py::TestCardinal::test_norm_133__
0.00s teardown tests/nemo_text_processing/ta/test_cardinal.py::TestCardinal::test_norm_144__
0.00s teardown tests/nemo_text_processing/ta/test_cardinal.py::TestCardinal::test_norm_043__
0.00s teardown tests/nemo_text_processing/ta/test_cardinal.py::TestCardinal::test_norm_091__
0.00s teardown tests/nemo_text_processing/ta/test_cardinal.py::TestCardinal::test_norm_093__
0.00s teardown tests/nemo_text_processing/ta/test_cardinal.py::TestCardinal::test_norm_042__
0.00s teardown tests/nemo_text_processing/ta/test_cardinal.py::TestCardinal::test_norm_119__
0.00s teardown tests/nemo_text_processing/ta/test_cardinal.py::TestCardinal::test_norm_044__
0.00s teardown tests/nemo_text_processing/ta/test_cardinal.py::TestCardinal::test_norm_034__
0.00s teardown tests/nemo_text_processing/ta/test_cardinal.py::TestCardinal::test_norm_140__
0.00s teardown tests/nemo_text_processing/ta/test_cardinal.py::TestCardinal::test_norm_055__
0.00s teardown tests/nemo_text_processing/ta/test_cardinal.py::TestCardinal::test_norm_080__
0.00s teardown tests/nemo_text_processing/ta/test_cardinal.py::TestCardinal::test_norm_138__
0.00s teardown tests/nemo_text_processing/ta/test_cardinal.py::TestCardinal::test_norm_053__
0.00s teardown tests/nemo_text_processing/ta/test_cardinal.py::TestCardinal::test_norm_040__
0.00s teardown tests/nemo_text_processing/ta/test_cardinal.py::TestCardinal::test_norm_116__
0.00s teardown tests/nemo_text_processing/ta/test_cardinal.py::TestCardinal::test_norm_109__
0.00s teardown tests/nemo_text_processing/ta/test_cardinal.py::TestCardinal::test_norm_145__
0.00s teardown tests/nemo_text_processing/ta/test_cardinal.py::TestCardinal::test_norm_031__
0.00s teardown tests/nemo_text_processing/ta/test_cardinal.py::TestCardinal::test_norm_123__
0.00s teardown tests/nemo_text_processing/ta/test_cardinal.py::TestCardinal::test_norm_127__
0.00s teardown tests/nemo_text_processing/ta/test_cardinal.py::TestCardinal::test_norm_143__
0.00s teardown tests/nemo_text_processing/ta/test_cardinal.py::TestCardinal::test_norm_131__
0.00s teardown tests/nemo_text_processing/ta/test_cardinal.py::TestCardinal::test_norm_016__
0.00s teardown tests/nemo_text_processing/ta/test_cardinal.py::TestCardinal::test_norm_128__
0.00s teardown tests/nemo_text_processing/ta/test_cardinal.py::TestCardinal::test_norm_007__
0.00s teardown tests/nemo_text_processing/ta/test_cardinal.py::TestCardinal::test_norm_082__
0.00s teardown tests/nemo_text_processing/ta/test_cardinal.py::TestCardinal::test_norm_045__
0.00s teardown tests/nemo_text_processing/ta/test_cardinal.py::TestCardinal::test_norm_054__
0.00s teardown tests/nemo_text_processing/ta/test_cardinal.py::TestCardinal::test_norm_033__
0.00s teardown tests/nemo_text_processing/ta/test_cardinal.py::TestCardinal::test_norm_084__
0.00s teardown tests/nemo_text_processing/ta/test_cardinal.py::TestCardinal::test_norm_130__
0.00s teardown tests/nemo_text_processing/ta/test_cardinal.py::TestCardinal::test_norm_120__
0.00s teardown tests/nemo_text_processing/ta/test_cardinal.py::TestCardinal::test_norm_114__
0.00s teardown tests/nemo_text_processing/ta/test_cardinal.py::TestCardinal::test_norm_118__
0.00s teardown tests/nemo_text_processing/ta/test_cardinal.py::TestCardinal::test_norm_117__
0.00s teardown tests/nemo_text_processing/ta/test_cardinal.py::TestCardinal::test_norm_137__
0.00s teardown tests/nemo_text_processing/ta/test_cardinal.py::TestCardinal::test_norm_026__
0.00s teardown tests/nemo_text_processing/ta/test_cardinal.py::TestCardinal::test_norm_115__
0.00s teardown tests/nemo_text_processing/ta/test_cardinal.py::TestCardinal::test_norm_064__
0.00s teardown tests/nemo_text_processing/ta/test_cardinal.py::TestCardinal::test_norm_113__
0.00s teardown tests/nemo_text_processing/ta/test_cardinal.py::TestCardinal::test_norm_032__
0.00s teardown tests/nemo_text_processing/ta/test_cardinal.py::TestCardinal::test_norm_124__
0.00s teardown tests/nemo_text_processing/ta/test_cardinal.py::TestCardinal::test_norm_122__
0.00s teardown tests/nemo_text_processing/ta/test_cardinal.py::TestCardinal::test_norm_129__
0.00s teardown tests/nemo_text_processing/ta/test_cardinal.py::TestCardinal::test_norm_025__
============================= 148 skipped in 3.76s =============================
